python3 python/main.py --profile resnet50-tf  --model "/home/runner/MLC/repos/local/cache/download-file_ml-model-resnet_9d8f6f67/resnet50_v1.pb" --dataset-path /home/runner/MLC/repos/local/cache/get-preprocessed-dataset-imagenet_e21f41e6     --output "/home/runner/MLC/repos/local/cache/get-mlperf-inference-results-dir_fee31388/test_results/gh_ubuntu-latest x86-reference-cpu-tf-v2.21.0-default_config/resnet50/offline/accuracy"    --scenario Offline --count 500 --threads 4 --user_conf /home/runner/MLC/repos/mlcommons@mlperf-automations/script/generate-mlperf-inference-user-conf/tmp/d027b20dd1254d47b45fbaf7a3f97a90.conf --accuracy --use_preprocessed_dataset --cache_dir /home/runner/MLC/repos/local/cache/get-preprocessed-dataset-imagenet_e21f41e6 --dataset-list /home/runner/MLC/repos/local/cache/extract-file_imagenet-aux-da_535a5595/val.txt
INFO:main:Namespace(dataset='imagenet', dataset_path='/home/runner/MLC/repos/local/cache/get-preprocessed-dataset-imagenet_e21f41e6', dataset_list='/home/runner/MLC/repos/local/cache/extract-file_imagenet-aux-da_535a5595/val.txt', data_format=None, profile='resnet50-tf', scenario='Offline', max_batchsize=32, model='/home/runner/MLC/repos/local/cache/download-file_ml-model-resnet_9d8f6f67/resnet50_v1.pb', output='/home/runner/MLC/repos/local/cache/get-mlperf-inference-results-dir_fee31388/test_results/gh_ubuntu-latest x86-reference-cpu-tf-v2.21.0-default_config/resnet50/offline/accuracy', inputs=['input_tensor:0'], outputs=['ArgMax:0'], backend='tensorflow', device=None, model_name='resnet50', threads=4, qps=None, cache=0, cache_dir='/home/runner/MLC/repos/local/cache/get-preprocessed-dataset-imagenet_e21f41e6', preprocessed_dir=None, use_preprocessed_dataset=True, accuracy=True, find_peak_performance=False, debug=False, user_conf='/home/runner/MLC/repos/mlcommons@mlperf-automations/script/generate-mlperf-inference-user-conf/tmp/d027b20dd1254d47b45fbaf7a3f97a90.conf', audit_conf='audit.config', time=None, count=500, performance_sample_count=None, max_latency=None, samples_per_query=8)
WARNING: All log messages before absl::InitializeLog() is called are written to STDERR
I0000 00:00:1777344065.723316    3954 cudart_stub.cc:31] Could not find cuda drivers on your machine, GPU will not be used.
I0000 00:00:1777344065.765692    3954 cpu_feature_guard.cc:227] This TensorFlow binary is optimized to use available CPU instructions in performance-critical operations.
To enable the following instructions: AVX2 FMA, in other operations, rebuild TensorFlow with the appropriate compiler flags.
WARNING: All log messages before absl::InitializeLog() is called are written to STDERR
I0000 00:00:1777344067.075479    3954 cudart_stub.cc:31] Could not find cuda drivers on your machine, GPU will not be used.
INFO:imagenet:Loading 500 preprocessed images using 4 threads
INFO:imagenet:loaded 500 images, cache=0, already_preprocessed=True, took=0.0sec
WARNING:tensorflow:From /home/runner/MLC/repos/local/cache/get-git-repo_inference-src_a892a188/inference/vision/classification_and_detection/python/backend_tf.py:55: FastGFile.__init__ (from tensorflow.python.platform.gfile) is deprecated and will be removed in a future version.
Instructions for updating:
Use tf.gfile.GFile.
WARNING:tensorflow:From /opt/hostedtoolcache/Python/3.12.13/x64/lib/python3.12/site-packages/tensorflow/python/tools/strip_unused_lib.py:84: extract_sub_graph (from tensorflow.python.framework.graph_util_impl) is deprecated and will be removed in a future version.
Instructions for updating:
This API was designed for TensorFlow v1. See https://www.tensorflow.org/guide/migrate for instructions on how to migrate your code to TensorFlow v2.
WARNING:tensorflow:From /opt/hostedtoolcache/Python/3.12.13/x64/lib/python3.12/site-packages/tensorflow/python/tools/optimize_for_inference_lib.py:138: remove_training_nodes (from tensorflow.python.framework.graph_util_impl) is deprecated and will be removed in a future version.
Instructions for updating:
This API was designed for TensorFlow v1. See https://www.tensorflow.org/guide/migrate for instructions on how to migrate your code to TensorFlow v2.
E0000 00:00:1777344122.966676    3954 cuda_platform.cc:52] failed call to cuInit: INTERNAL: CUDA error: Failed call to cuInit: UNKNOWN ERROR (303)
I0000 00:00:1777344123.048169    3954 mlir_graph_optimization_pass.cc:437] MLIR V1 optimization pass is not enabled
INFO:main:starting TestScenario.Offline
TestScenario.Offline qps=0.67, mean=15.0759, time=23.873, acc=76.000%, queries=16, tiles=50.0:15.2919,80.0:23.2706,90.0:23.7623,95.0:23.7725,99.0:23.7734,99.9:23.7736
