python3 python/main.py --profile resnet50-tf --model "/home/runner/MLC/repos/local/cache/download-file_ml-model-resnet_5aa77463/resnet50_v1.pb" --dataset-path /home/runner/MLC/repos/local/cache/get-preprocessed-dataset-imagenet_4a9eb35c --output "/home/runner/MLC/repos/local/cache/get-mlperf-inference-results-dir_9c62b8e1/test_results/gh_ubuntu-latest x86-reference-cpu-tf-v2.21.0-default_config/resnet50/offline/performance/run_1" --scenario Offline --threads 4 --user_conf /home/runner/MLC/repos/amd@mlperf-automations/script/generate-mlperf-inference-user-conf/tmp/a78c2deb75b94b729d9d097aba3cf36b.conf --use_preprocessed_dataset --cache_dir /home/runner/MLC/repos/local/cache/get-preprocessed-dataset-imagenet_4a9eb35c --dataset-list /home/runner/MLC/repos/local/cache/extract-file_imagenet-aux-da_e0413ba9/val.txt
INFO:main:Namespace(dataset='imagenet', dataset_path='/home/runner/MLC/repos/local/cache/get-preprocessed-dataset-imagenet_4a9eb35c', dataset_list='/home/runner/MLC/repos/local/cache/extract-file_imagenet-aux-da_e0413ba9/val.txt', data_format=None, profile='resnet50-tf', scenario='Offline', max_batchsize=32, model='/home/runner/MLC/repos/local/cache/download-file_ml-model-resnet_5aa77463/resnet50_v1.pb', output='/home/runner/MLC/repos/local/cache/get-mlperf-inference-results-dir_9c62b8e1/test_results/gh_ubuntu-latest x86-reference-cpu-tf-v2.21.0-default_config/resnet50/offline/performance/run_1', inputs=['input_tensor:0'], outputs=['ArgMax:0'], backend='tensorflow', device=None, model_name='resnet50', threads=4, qps=None, cache=0, cache_dir='/home/runner/MLC/repos/local/cache/get-preprocessed-dataset-imagenet_4a9eb35c', preprocessed_dir=None, use_preprocessed_dataset=True, accuracy=False, find_peak_performance=False, debug=False, user_conf='/home/runner/MLC/repos/amd@mlperf-automations/script/generate-mlperf-inference-user-conf/tmp/a78c2deb75b94b729d9d097aba3cf36b.conf', audit_conf='audit.config', time=None, count=None, performance_sample_count=None, max_latency=None, samples_per_query=8)
WARNING: All log messages before absl::InitializeLog() is called are written to STDERR
I0000 00:00:1773847767.300497    3637 cudart_stub.cc:31] Could not find cuda drivers on your machine, GPU will not be used.
I0000 00:00:1773847767.346507    3637 cpu_feature_guard.cc:227] This TensorFlow binary is optimized to use available CPU instructions in performance-critical operations.
To enable the following instructions: AVX2 FMA, in other operations, rebuild TensorFlow with the appropriate compiler flags.
WARNING: All log messages before absl::InitializeLog() is called are written to STDERR
I0000 00:00:1773847768.944928    3637 cudart_stub.cc:31] Could not find cuda drivers on your machine, GPU will not be used.
INFO:imagenet:Loading 50000 preprocessed images using 4 threads
INFO:imagenet:reduced image list, 49500 images not found
INFO:imagenet:loaded 500 images, cache=0, already_preprocessed=True, took=1.1sec
WARNING:tensorflow:From /home/runner/MLC/repos/local/cache/get-git-repo_inference-src_c5d2f10a/inference/vision/classification_and_detection/python/backend_tf.py:55: FastGFile.__init__ (from tensorflow.python.platform.gfile) is deprecated and will be removed in a future version.
Instructions for updating:
Use tf.gfile.GFile.
WARNING:tensorflow:From /opt/hostedtoolcache/Python/3.12.13/x64/lib/python3.12/site-packages/tensorflow/python/tools/strip_unused_lib.py:84: extract_sub_graph (from tensorflow.python.framework.graph_util_impl) is deprecated and will be removed in a future version.
Instructions for updating:
This API was designed for TensorFlow v1. See https://www.tensorflow.org/guide/migrate for instructions on how to migrate your code to TensorFlow v2.
WARNING:tensorflow:From /opt/hostedtoolcache/Python/3.12.13/x64/lib/python3.12/site-packages/tensorflow/python/tools/optimize_for_inference_lib.py:138: remove_training_nodes (from tensorflow.python.framework.graph_util_impl) is deprecated and will be removed in a future version.
Instructions for updating:
This API was designed for TensorFlow v1. See https://www.tensorflow.org/guide/migrate for instructions on how to migrate your code to TensorFlow v2.
E0000 00:00:1773847825.763081    3637 cuda_platform.cc:52] failed call to cuInit: INTERNAL: CUDA error: Failed call to cuInit: UNKNOWN ERROR (303)
I0000 00:00:1773847825.851083    3637 mlir_graph_optimization_pass.cc:437] MLIR V1 optimization pass is not enabled
INFO:main:starting TestScenario.Offline
TestScenario.Offline qps=0.67, mean=14.9995, time=23.801, queries=16, tiles=50.0:15.2270,80.0:22.7198,90.0:23.5859,95.0:23.6663,99.0:23.6872,99.9:23.6919
